// Jest Snapshot v1, https://goo.gl/fbAQLP

exports[`expect render Footer component 1`] = `ShallowWrapper {}`;
