// Jest Snapshot v1, https://goo.gl/fbAQLP

exports[`expect render Dashboard component 1`] = `ShallowWrapper {}`;
