// Jest Snapshot v1, https://goo.gl/fbAQLP

exports[`expect render EmployeeList component 1`] = `ShallowWrapper {}`;
