// Jest Snapshot v1, https://goo.gl/fbAQLP

exports[`expect render ReviewsList component 1`] = `ShallowWrapper {}`;
