// Jest Snapshot v1, https://goo.gl/fbAQLP

exports[`expect render Index component 1`] = `ShallowWrapper {}`;

exports[`expect render IndexEmployees component 1`] = `ShallowWrapper {}`;
